mode: atomic
whitespace-stego-go/src/stego/core.go:15.39,17.25 2 10
whitespace-stego-go/src/stego/core.go:17.25,18.27 1 273
whitespace-stego-go/src/stego/core.go:18.27,19.21 1 2184
whitespace-stego-go/src/stego/core.go:19.21,21.5 1 1056
whitespace-stego-go/src/stego/core.go:21.10,23.5 1 1128
whitespace-stego-go/src/stego/core.go:26.2,26.24 1 10
whitespace-stego-go/src/stego/core.go:30.51,33.28 2 17
whitespace-stego-go/src/stego/core.go:33.28,34.42 1 2634
whitespace-stego-go/src/stego/core.go:34.42,36.4 1 2603
whitespace-stego-go/src/stego/core.go:40.2,41.38 2 17
whitespace-stego-go/src/stego/core.go:41.38,42.22 1 2603
whitespace-stego-go/src/stego/core.go:42.22,44.4 1 1266
whitespace-stego-go/src/stego/core.go:44.9,46.4 1 1337
whitespace-stego-go/src/stego/core.go:50.2,51.22 2 17
whitespace-stego-go/src/stego/core.go:51.22,54.3 1 3
whitespace-stego-go/src/stego/core.go:56.2,56.20 1 17
whitespace-stego-go/src/stego/core.go:56.20,58.3 1 5
whitespace-stego-go/src/stego/core.go:60.2,61.36 2 12
whitespace-stego-go/src/stego/core.go:61.36,64.31 3 323
whitespace-stego-go/src/stego/core.go:64.31,65.18 1 2584
whitespace-stego-go/src/stego/core.go:65.18,67.5 1 1256
whitespace-stego-go/src/stego/core.go:69.3,69.18 1 323
whitespace-stego-go/src/stego/core.go:72.2,72.20 1 12
whitespace-stego-go/src/stego/core.go:76.44,79.27 3 20
whitespace-stego-go/src/stego/core.go:79.27,81.3 1 2
whitespace-stego-go/src/stego/core.go:82.2,82.17 1 18
whitespace-stego-go/src/stego/core.go:86.39,95.27 4 11
whitespace-stego-go/src/stego/core.go:95.27,96.49 1 8
whitespace-stego-go/src/stego/core.go:96.49,98.4 1 6
whitespace-stego-go/src/stego/core.go:99.3,99.11 1 2
whitespace-stego-go/src/stego/core.go:103.2,104.36 2 3
whitespace-stego-go/src/stego/core.go:104.36,106.3 1 1
whitespace-stego-go/src/stego/core.go:108.2,108.22 1 2
whitespace-stego-go/src/stego/core.go:112.83,119.19 4 11
whitespace-stego-go/src/stego/core.go:119.19,121.3 1 1
whitespace-stego-go/src/stego/core.go:121.8,121.63 1 10
whitespace-stego-go/src/stego/core.go:121.63,123.3 1 1
whitespace-stego-go/src/stego/core.go:123.8,127.27 3 9
whitespace-stego-go/src/stego/core.go:127.27,128.21 1 119
whitespace-stego-go/src/stego/core.go:128.21,130.5 1 9
whitespace-stego-go/src/stego/core.go:131.4,131.23 1 119
whitespace-stego-go/src/stego/core.go:133.3,133.31 1 9
whitespace-stego-go/src/stego/core.go:137.2,141.32 4 11
whitespace-stego-go/src/stego/core.go:141.32,150.27 6 2
whitespace-stego-go/src/stego/core.go:150.27,151.22 1 184
whitespace-stego-go/src/stego/core.go:151.22,153.5 1 2
whitespace-stego-go/src/stego/core.go:154.4,154.26 1 184
whitespace-stego-go/src/stego/core.go:156.3,156.30 1 2
whitespace-stego-go/src/stego/core.go:156.30,158.4 1 0
whitespace-stego-go/src/stego/core.go:159.3,160.63 2 2
whitespace-stego-go/src/stego/core.go:163.2,163.15 1 11
whitespace-stego-go/src/stego/core.go:167.64,169.19 1 9
whitespace-stego-go/src/stego/core.go:169.19,171.3 1 1
whitespace-stego-go/src/stego/core.go:173.2,176.20 2 8
whitespace-stego-go/src/stego/core.go:176.20,179.17 2 4
whitespace-stego-go/src/stego/core.go:179.17,181.4 1 1
whitespace-stego-go/src/stego/core.go:183.3,183.41 1 3
whitespace-stego-go/src/stego/core.go:184.8,187.3 1 4
whitespace-stego-go/src/stego/core.go:190.2,194.19 3 7
whitespace-stego-go/src/stego/core.go:194.19,196.3 1 1
whitespace-stego-go/src/stego/core.go:198.2,199.67 2 6
whitespace-stego-go/src/stego/core.go:203.57,208.23 3 12
whitespace-stego-go/src/stego/core.go:208.23,210.3 1 1
whitespace-stego-go/src/stego/core.go:212.2,215.32 3 11
whitespace-stego-go/src/stego/core.go:215.32,220.17 3 12
whitespace-stego-go/src/stego/core.go:220.17,221.12 1 2
whitespace-stego-go/src/stego/core.go:224.3,224.21 1 10
whitespace-stego-go/src/stego/core.go:224.21,227.18 2 5
whitespace-stego-go/src/stego/core.go:227.18,229.13 2 1
whitespace-stego-go/src/stego/core.go:232.4,233.18 2 4
whitespace-stego-go/src/stego/core.go:233.18,235.13 2 2
whitespace-stego-go/src/stego/core.go:239.4,239.28 1 2
whitespace-stego-go/src/stego/core.go:239.28,241.13 2 0
whitespace-stego-go/src/stego/core.go:244.4,244.46 1 2
whitespace-stego-go/src/stego/core.go:245.9,248.28 2 5
whitespace-stego-go/src/stego/core.go:248.28,249.13 1 2
whitespace-stego-go/src/stego/core.go:251.4,251.46 1 3
whitespace-stego-go/src/stego/core.go:255.2,255.23 1 11
whitespace-stego-go/src/stego/core.go:255.23,256.43 1 7
whitespace-stego-go/src/stego/core.go:256.43,258.4 1 3
whitespace-stego-go/src/stego/core.go:259.3,259.68 1 4
whitespace-stego-go/src/stego/core.go:262.2,262.21 1 4
whitespace-stego-go/src/stego/core.go:266.42,268.2 1 5
whitespace-stego-go/src/stego/core.go:271.40,273.2 1 4
whitespace-stego-go/src/stego/crypto.go:14.40,17.2 2 7
whitespace-stego-go/src/stego/crypto.go:20.70,25.16 3 3
whitespace-stego-go/src/stego/crypto.go:25.16,27.3 1 0
whitespace-stego-go/src/stego/crypto.go:30.2,31.41 2 3
whitespace-stego-go/src/stego/crypto.go:31.41,33.3 1 0
whitespace-stego-go/src/stego/crypto.go:36.2,48.20 8 3
whitespace-stego-go/src/stego/crypto.go:52.70,53.31 1 5
whitespace-stego-go/src/stego/crypto.go:53.31,55.3 1 1
whitespace-stego-go/src/stego/crypto.go:57.2,61.16 3 4
whitespace-stego-go/src/stego/crypto.go:61.16,63.3 1 0
whitespace-stego-go/src/stego/crypto.go:66.2,76.16 7 4
whitespace-stego-go/src/stego/crypto.go:76.16,78.3 1 2
whitespace-stego-go/src/stego/crypto.go:80.2,80.22 1 2
whitespace-stego-go/src/stego/crypto.go:84.50,87.25 3 3
whitespace-stego-go/src/stego/crypto.go:87.25,89.3 1 21
whitespace-stego-go/src/stego/crypto.go:90.2,90.33 1 3
whitespace-stego-go/src/stego/crypto.go:94.46,96.17 2 7
whitespace-stego-go/src/stego/crypto.go:96.17,98.3 1 1
whitespace-stego-go/src/stego/crypto.go:100.2,101.22 2 6
whitespace-stego-go/src/stego/crypto.go:101.22,103.3 1 2
whitespace-stego-go/src/stego/crypto.go:106.2,106.45 1 4
whitespace-stego-go/src/stego/crypto.go:106.45,107.31 1 21
whitespace-stego-go/src/stego/crypto.go:107.31,109.4 1 2
whitespace-stego-go/src/stego/crypto.go:112.2,112.35 1 2
whitespace-stego-go/src/stego/crypto.go:116.39,118.2 1 8
whitespace-stego-go/src/stego/crypto.go:121.45,123.2 1 11
